1779591977|bob|re
1779591995|alice|прив
1779592432|alice|ky
1779592443|bob|суппер прив
1779592541|alice|g
1779592548|bob|a
1779619586|bob|re
1779619760|bob|yyy
1779619767|alice|fff
1779619770|alice|rrr
1779619772|bob|eeee
1779711673|bob|222
1779711681|bob|222
1779711715|alice|222
1779711716|alice|11
1779711717|alice|33
1779802687|bob|1
1779802990|bob|1
1779858315|bob|bebe
1779858323|alice|kaka
1779869226|bob|f
1779968342|bob|f
1779975036|alice|ky
1779989704|bob|привет
1779989713|alice|ку
1779990596|bob|привет
1779990659|bob|1
1779990665|alice|1
1779990678|bob|1
1779990735|bob|1
1779990786|bob|1
1779990788|alice|1
1779990867|bob|1
1779990903|bob|23
1779991180|alice|1
1779991191|alice|1
1779991208|bob|1
1779991211|alice|2
1779991213|alice|1
1779991216|bob|2
1779991352|bob|2
1779991353|bob|3
1779991354|bob|4
1779991354|bob|1
1779991354|bob|2
1779991355|bob|3
