[2026-05-26 21:32:51] Сервер запускается на порту 8080
[2026-05-26 21:32:51] Сервер готов, ожидаем подключений...
[2026-05-26 21:33:17] Сервер запускается на порту 8080
[2026-05-26 21:33:17] Сервер готов, ожидаем подключений...
[2026-05-26 21:33:23] Новый дочерний процесс PID=40279 (активных: 1/10)
[2026-05-26 21:33:23] Новое подключение с 127.0.0.1
[2026-05-26 21:33:27] Аутентификация успешна: bob
[2026-05-26 21:33:27] Пользователь 'bob' вошёл (127.0.0.1)
[2026-05-26 21:33:34] Пользователь 'bob' отключился
[2026-05-26 21:33:34] Сессия 'bob' завершена
[2026-05-26 21:33:34] Дочерний процесс PID=40279 завершился (активных: 0)
[2026-05-26 21:35:18] Сервер запускается на порту 8080
[2026-05-26 21:35:18] Сервер готов, ожидаем подключений...
[2026-05-26 21:35:26] Новый дочерний процесс PID=40804 (активных: 1/10)
[2026-05-26 21:35:26] Новое подключение с 127.0.0.1
[2026-05-26 21:35:29] Аутентификация успешна: bob
[2026-05-26 21:35:29] Пользователь 'bob' вошёл (127.0.0.1)
[2026-05-26 21:35:34] Пользователь 'bob' отключился
[2026-05-26 21:35:34] Сессия 'bob' завершена
[2026-05-26 21:35:34] Дочерний процесс PID=40804 завершился (активных: 0)
[2026-05-26 21:35:50] Получен SIGTERM — завершаем сервер
